> Task :app:clean UP-TO-DATE
> Task :app:preBuild UP-TO-DATE
> Task :app:preDebugBuild UP-TO-DATE
> Task :app:mergeDebugNativeDebugMetadata NO-SOURCE
> Task :app:checkKotlinGradlePluginConfigurationErrors SKIPPED
> Task :app:checkDebugAarMetadata FAILED

FAILURE: Build failed with an exception.

* What went wrong:
Execution failed for task ':app:checkDebugAarMetadata'.
> Configuration `:app:debugRuntimeClasspath` contains AndroidX dependencies, but the `android.useAndroidX` property is not enabled, which may cause runtime issues.
  Set `android.useAndroidX=true` in the `gradle.properties` file and retry.
  The following AndroidX dependencies are detected:
  :app:debugRuntimeClasspath -> androidx.compose.ui:ui-test-manifest:1.11.0
  :app:debugRuntimeClasspath -> com.google.dagger:hilt-android:2.51.1 -> androidx.activity:activity:1.13.0
  :app:debugRuntimeClasspath -> androidx.hilt:hilt-navigation-compose:1.2.0 -> androidx.hilt:hilt-navigation:1.2.0 -> androidx.annotation:annotation:1.10.0
  :app:debugRuntimeClasspath -> androidx.hilt:hilt-navigation-compose:1.2.0 -> androidx.hilt:hilt-navigation:1.2.0 -> androidx.annotation:annotation:1.10.0 -> androidx.annotation:annotation-jvm:1.10.0
  :app:debugRuntimeClasspath -> androidx.core:core-ktx:1.19.0
  :app:debugRuntimeClasspath -> androidx.compose:compose-bom:2024.10.00 -> androidx.compose.ui:ui-android:1.11.0 -> androidx.transition:transition:1.6.0 -> androidx.core:core:1.19.0
  :app:debugRuntimeClasspath -> androidx.hilt:hilt-navigation-compose:1.2.0 -> androidx.hilt:hilt-navigation:1.2.0 -> androidx.navigation:navigation-runtime:2.8.5 -> androidx.annotation:annotation-experimental:1.4.1
  :app:debugRuntimeClasspath -> androidx.hilt:hilt-navigation-compose:1.2.0 -> androidx.hilt:hilt-navigation:1.2.0 -> androidx.navigation:navigation-runtime:2.8.5 -> androidx.collection:collection:1.5.0
  :app:debugRuntimeClasspath -> androidx.hilt:hilt-navigation-compose:1.2.0 -> androidx.hilt:hilt-navigation:1.2.0 -> androidx.navigation:navigation-runtime:2.8.5 -> androidx.collection:collection:1.5.0 -> androidx.collection:collection-jvm:1.5.0
  :app:debugRuntimeClasspath -> androidx.hilt:hilt-navigation-compose:1.2.0 -> androidx.hilt:hilt-navigation:1.2.0 -> androidx.navigation:navigation-runtime:2.8.5 -> androidx.navigation:navigation-common:2.8.5 -> androidx.collection:collection-ktx:1.5.0
  :app:debugRuntimeClasspath -> androidx.compose:compose-bom:2024.10.00 -> androidx.compose.ui:ui-android:1.11.0 -> androidx.transition:transition:1.6.0 -> androidx.core:core:1.19.0 -> androidx.concurrent:concurrent-futures:1.1.0
  :app:debugRuntimeClasspath -> androidx.activity:activity-compose:1.13.0 -> androidx.navigationevent:navigationevent-compose:1.0.0 -> androidx.navigationevent:navigationevent-compose-android:1.0.0 -> androidx.navigationevent:navigationevent:1.0.0 -> androidx.navigationevent:navigationevent-android:1.0.0 -> androidx.core:core-viewtree:1.0.0
  :app:debugRuntimeClasspath -> io.coil-kt:coil-compose:2.6.0 -> io.coil-kt:coil-compose-base:2.6.0 -> io.coil-kt:coil-base:2.6.0 -> androidx.appcompat:appcompat-resources:1.6.1 -> androidx.vectordrawable:vectordrawable-animated:1.1.0 -> androidx.interpolator:interpolator:1.0.0
  :app:debugRuntimeClasspath -> androidx.hilt:hilt-navigation-compose:1.2.0 -> androidx.hilt:hilt-navigation:1.2.0 -> androidx.navigation:navigation-runtime:2.8.5 -> androidx.navigation:navigation-common:2.8.5 -> androidx.lifecycle:lifecycle-common:2.11.0
  :app:debugRuntimeClasspath -> androidx.hilt:hilt-navigation-compose:1.2.0 -> androidx.hilt:hilt-navigation:1.2.0 -> androidx.navigation:navigation-runtime:2.8.5 -> androidx.navigation:navigation-common:2.8.5 -> androidx.lifecycle:lifecycle-common:2.11.0 -> androidx.lifecycle:lifecycle-common-jvm:2.11.0
  :app:debugRuntimeClasspath -> com.google.dagger:hilt-android:2.51.1 -> androidx.fragment:fragment:1.5.1 -> androidx.loader:loader:1.0.0 -> androidx.lifecycle:lifecycle-livedata:2.11.0
  :app:debugRuntimeClasspath -> com.google.dagger:hilt-android:2.51.1 -> androidx.fragment:fragment:1.5.1 -> androidx.loader:loader:1.0.0 -> androidx.lifecycle:lifecycle-livedata:2.11.0 -> androidx.arch.core:core-common:2.2.0
  :app:debugRuntimeClasspath -> com.google.dagger:hilt-android:2.51.1 -> androidx.fragment:fragment:1.5.1 -> androidx.loader:loader:1.0.0 -> androidx.lifecycle:lifecycle-livedata:2.11.0 -> androidx.arch.core:core-runtime:2.2.0
  :app:debugRuntimeClasspath -> com.google.dagger:hilt-android:2.51.1 -> androidx.fragment:fragment:1.5.1 -> androidx.lifecycle:lifecycle-livedata-core:2.11.0
  :app:debugRuntimeClasspath -> io.coil-kt:coil-compose:2.6.0 -> io.coil-kt:coil-compose-base:2.6.0 -> io.coil-kt:coil-base:2.6.0 -> androidx.lifecycle:lifecycle-runtime:2.11.0
  :app:debugRuntimeClasspath -> io.coil-kt:coil-compose:2.6.0 -> io.coil-kt:coil-compose-base:2.6.0 -> io.coil-kt:coil-base:2.6.0 -> androidx.lifecycle:lifecycle-runtime:2.11.0 -> androidx.lifecycle:lifecycle-runtime-android:2.11.0
  :app:debugRuntimeClasspath -> androidx.hilt:hilt-navigation-compose:1.2.0 -> androidx.hilt:hilt-navigation:1.2.0 -> androidx.navigation:navigation-runtime:2.8.5 -> androidx.navigation:navigation-common:2.8.5 -> androidx.profileinstaller:profileinstaller:1.4.0
  :app:debugRuntimeClasspath -> androidx.compose:compose-bom:2024.10.00 -> androidx.compose.foundation:foundation-android:1.10.0 -> androidx.emoji2:emoji2:1.4.0 -> androidx.startup:startup-runtime:1.1.1
  :app:debugRuntimeClasspath -> androidx.compose:compose-bom:2024.10.00 -> androidx.compose.ui:ui-android:1.11.0 -> androidx.transition:transition:1.6.0 -> androidx.core:core:1.19.0 -> androidx.tracing:tracing:1.2.0
  :app:debugRuntimeClasspath -> androidx.compose:compose-bom:2024.10.00 -> androidx.compose.material3:material3-android:1.3.1 -> androidx.lifecycle:lifecycle-common-java8:2.11.0 -> androidx.lifecycle:lifecycle-runtime-compose:2.11.0
  :app:debugRuntimeClasspath -> androidx.compose:compose-bom:2024.10.00 -> androidx.compose.material3:material3-android:1.3.1 -> androidx.lifecycle:lifecycle-common-java8:2.11.0 -> androidx.lifecycle:lifecycle-runtime-compose:2.11.0 -> androidx.lifecycle:lifecycle-runtime-compose-android:2.11.0
  :app:debugRuntimeClasspath -> androidx.hilt:hilt-navigation-compose:1.2.0 -> androidx.compose.runtime:runtime:1.11.0
  :app:debugRuntimeClasspath -> androidx.compose:compose-bom:2024.10.00 -> androidx.compose.runtime:runtime-android:1.11.0
  :app:debugRuntimeClasspath -> androidx.activity:activity-compose:1.13.0 -> androidx.navigationevent:navigationevent-compose:1.0.0 -> androidx.navigationevent:navigationevent-compose-android:1.0.0 -> androidx.navigationevent:navigationevent:1.0.0 -> androidx.navigationevent:navigationevent-android:1.0.0 -> androidx.compose.runtime:runtime-annotation:1.11.0
  :app:debugRuntimeClasspath -> androidx.activity:activity-compose:1.13.0 -> androidx.navigationevent:navigationevent-compose:1.0.0 -> androidx.navigationevent:navigationevent-compose-android:1.0.0 -> androidx.navigationevent:navigationevent:1.0.0 -> androidx.navigationevent:navigationevent-android:1.0.0 -> androidx.compose.runtime:runtime-annotation:1.11.0 -> androidx.compose.runtime:runtime-annotation-android:1.11.0
  :app:debugRuntimeClasspath -> androidx.activity:activity-compose:1.13.0 -> androidx.navigationevent:navigationevent-compose:1.0.0 -> androidx.navigationevent:navigationevent-compose-android:1.0.0 -> androidx.navigationevent:navigationevent:1.0.0 -> androidx.navigationevent:navigationevent-android:1.0.0 -> androidx.compose.runtime:runtime-annotation:1.11.0 -> androidx.compose.runtime:runtime-annotation-android:1.11.0 -> androidx.compose.runtime:runtime-retain:1.11.0
  :app:debugRuntimeClasspath -> androidx.activity:activity-compose:1.13.0 -> androidx.navigationevent:navigationevent-compose:1.0.0 -> androidx.navigationevent:navigationevent-compose-android:1.0.0 -> androidx.navigationevent:navigationevent:1.0.0 -> androidx.navigationevent:navigationevent-android:1.0.0 -> androidx.compose.runtime:runtime-annotation:1.11.0 -> androidx.compose.runtime:runtime-annotation-android:1.11.0 -> androidx.compose.runtime:runtime-retain:1.11.0 -> androidx.compose.runtime:runtime-retain-android:1.11.0
  :app:debugRuntimeClasspath -> androidx.navigation:navigation-compose:2.8.5 -> androidx.compose.runtime:runtime-saveable:1.11.0
  :app:debugRuntimeClasspath -> androidx.compose:compose-bom:2024.10.00 -> androidx.compose.runtime:runtime-saveable-android:1.11.0
  :app:debugRuntimeClasspath -> androidx.compose:compose-bom:2024.10.00 -> androidx.compose.runtime:runtime-saveable-android:1.11.0 -> androidx.savedstate:savedstate-compose:1.4.0
  :app:debugRuntimeClasspath -> androidx.compose:compose-bom:2024.10.00 -> androidx.compose.runtime:runtime-saveable-android:1.11.0 -> androidx.savedstate:savedstate-compose:1.4.0 -> androidx.savedstate:savedstate-compose-android:1.4.0
  :app:debugRuntimeClasspath -> com.google.dagger:hilt-android:2.51.1 -> androidx.savedstate:savedstate:1.4.0
  :app:debugRuntimeClasspath -> com.google.dagger:hilt-android:2.51.1 -> androidx.savedstate:savedstate:1.4.0 -> androidx.savedstate:savedstate-android:1.4.0
  :app:debugRuntimeClasspath -> androidx.hilt:hilt-navigation-compose:1.2.0 -> androidx.hilt:hilt-navigation:1.2.0 -> androidx.navigation:navigation-runtime:2.8.5 -> androidx.navigation:navigation-common:2.8.5 -> androidx.savedstate:savedstate-ktx:1.4.0
  :app:debugRuntimeClasspath -> androidx.lifecycle:lifecycle-runtime-ktx:2.11.0
  :app:debugRuntimeClasspath -> androidx.lifecycle:lifecycle-runtime-ktx:2.11.0 -> androidx.lifecycle:lifecycle-runtime-ktx-android:2.11.0
  :app:debugRuntimeClasspath -> com.google.dagger:hilt-android:2.51.1 -> androidx.lifecycle:lifecycle-viewmodel:2.11.0
  :app:debugRuntimeClasspath -> com.google.dagger:hilt-android:2.51.1 -> androidx.lifecycle:lifecycle-viewmodel:2.11.0 -> androidx.lifecycle:lifecycle-viewmodel-android:2.11.0
  :app:debugRuntimeClasspath -> androidx.hilt:hilt-navigation-compose:1.2.0 -> androidx.lifecycle:lifecycle-viewmodel-compose:2.11.0
  :app:debugRuntimeClasspath -> androidx.hilt:hilt-navigation-compose:1.2.0 -> androidx.lifecycle:lifecycle-viewmodel-compose:2.11.0 -> androidx.lifecycle:lifecycle-viewmodel-compose-android:2.11.0
  :app:debugRuntimeClasspath -> androidx.compose.ui:ui:1.11.0
  :app:debugRuntimeClasspath -> androidx.compose:compose-bom:2024.10.00 -> androidx.compose.ui:ui-android:1.11.0
  :app:debugRuntimeClasspath -> androidx.hilt:hilt-navigation-compose:1.2.0 -> androidx.hilt:hilt-navigation:1.2.0 -> androidx.navigation:navigation-runtime:2.8.5 -> androidx.activity:activity-ktx:1.13.0
  :app:debugRuntimeClasspath -> androidx.hilt:hilt-navigation-compose:1.2.0 -> androidx.hilt:hilt-navigation:1.2.0 -> androidx.navigation:navigation-runtime:2.8.5 -> androidx.navigation:navigation-common:2.8.5 -> androidx.lifecycle:lifecycle-viewmodel-ktx:2.11.0
  :app:debugRuntimeClasspath -> androidx.hilt:hilt-navigation-compose:1.2.0 -> androidx.hilt:hilt-navigation:1.2.0 -> androidx.navigation:navigation-runtime:2.8.5 -> androidx.navigation:navigation-common:2.8.5 -> androidx.lifecycle:lifecycle-viewmodel-savedstate:2.11.0
  :app:debugRuntimeClasspath -> androidx.hilt:hilt-navigation-compose:1.2.0 -> androidx.hilt:hilt-navigation:1.2.0 -> androidx.navigation:navigation-runtime:2.8.5 -> androidx.navigation:navigation-common:2.8.5 -> androidx.lifecycle:lifecycle-viewmodel-savedstate:2.11.0 -> androidx.lifecycle:lifecycle-viewmodel-savedstate-android:2.11.0
  :app:debugRuntimeClasspath -> androidx.compose:compose-bom:2024.10.00 -> androidx.compose.material3:material3-android:1.3.1 -> androidx.lifecycle:lifecycle-common-java8:2.11.0 -> androidx.lifecycle:lifecycle-livedata-core-ktx:2.11.0
  :app:debugRuntimeClasspath -> androidx.compose:compose-bom:2024.10.00 -> androidx.compose.foundation:foundation-android:1.10.0 -> androidx.emoji2:emoji2:1.4.0 -> androidx.lifecycle:lifecycle-process:2.11.0
  :app:debugRuntimeClasspath -> androidx.compose:compose-bom:2024.10.00 -> androidx.compose.material3:material3-android:1.3.1 -> androidx.lifecycle:lifecycle-common-java8:2.11.0
  :app:debugRuntimeClasspath -> androidx.activity:activity-compose:1.13.0
  :app:debugRuntimeClasspath -> com.google.dagger:hilt-android:2.51.1 -> androidx.activity:activity:1.13.0 -> androidx.navigationevent:navigationevent:1.0.0 -> androidx.navigationevent:navigationevent-android:1.0.0 -> androidx.navigationevent:navigationevent-compose:1.0.0
  :app:debugRuntimeClasspath -> com.google.dagger:hilt-android:2.51.1 -> androidx.activity:activity:1.13.0 -> androidx.navigationevent:navigationevent:1.0.0 -> androidx.navigationevent:navigationevent-android:1.0.0 -> androidx.navigationevent:navigationevent-compose:1.0.0 -> androidx.navigationevent:navigationevent-compose-android:1.0.0
  :app:debugRuntimeClasspath -> androidx.activity:activity-compose:1.13.0 -> androidx.navigationevent:navigationevent-compose:1.0.0 -> androidx.navigationevent:navigationevent-compose-android:1.0.0 -> androidx.navigationevent:navigationevent:1.0.0
  :app:debugRuntimeClasspath -> androidx.activity:activity-compose:1.13.0 -> androidx.navigationevent:navigationevent-compose:1.0.0 -> androidx.navigationevent:navigationevent-compose-android:1.0.0 -> androidx.navigationevent:navigationevent:1.0.0 -> androidx.navigationevent:navigationevent-android:1.0.0
  :app:debugRuntimeClasspath -> androidx.compose:compose-bom:2024.10.00 -> androidx.compose.ui:ui-android:1.11.0 -> androidx.autofill:autofill:1.0.0
  :app:debugRuntimeClasspath -> androidx.compose:compose-bom:2024.10.00 -> androidx.compose.ui:ui-geometry:1.11.0
  :app:debugRuntimeClasspath -> androidx.compose:compose-bom:2024.10.00 -> androidx.compose.ui:ui-geometry-android:1.11.0
  :app:debugRuntimeClasspath -> androidx.compose:compose-bom:2024.10.00 -> androidx.compose.ui:ui-util:1.11.0
  :app:debugRuntimeClasspath -> androidx.compose:compose-bom:2024.10.00 -> androidx.compose.ui:ui-util-android:1.11.0
  :app:debugRuntimeClasspath -> androidx.compose.ui:ui-graphics:1.11.0
  :app:debugRuntimeClasspath -> androidx.compose:compose-bom:2024.10.00 -> androidx.compose.ui:ui-graphics-android:1.11.0
  :app:debugRuntimeClasspath -> androidx.compose:compose-bom:2024.10.00 -> androidx.compose.ui:ui-unit:1.11.0
  :app:debugRuntimeClasspath -> androidx.compose:compose-bom:2024.10.00 -> androidx.compose.ui:ui-unit-android:1.11.0
  :app:debugRuntimeClasspath -> androidx.compose:compose-bom:2024.10.00 -> androidx.compose.ui:ui-text:1.11.0
  :app:debugRuntimeClasspath -> androidx.compose:compose-bom:2024.10.00 -> androidx.compose.ui:ui-text-android:1.11.0
  :app:debugRuntimeClasspath -> androidx.compose:compose-bom:2024.10.00 -> androidx.compose.foundation:foundation-android:1.10.0 -> androidx.emoji2:emoji2:1.4.0
  :app:debugRuntimeClasspath -> androidx.compose.ui:ui-tooling:1.11.0
  :app:debugRuntimeClasspath -> androidx.compose:compose-bom:2024.10.00 -> androidx.compose.ui:ui-tooling-android:1.11.0
  :app:debugRuntimeClasspath -> androidx.navigation:navigation-compose:2.8.5 -> androidx.compose.animation:animation:1.10.0
  :app:debugRuntimeClasspath -> androidx.compose:compose-bom:2024.10.00 -> androidx.compose.animation:animation-android:1.10.0
  :app:debugRuntimeClasspath -> androidx.compose:compose-bom:2024.10.00 -> androidx.compose.animation:animation-core:1.10.0
  :app:debugRuntimeClasspath -> androidx.compose:compose-bom:2024.10.00 -> androidx.compose.animation:animation-core-android:1.10.0
  :app:debugRuntimeClasspath -> androidx.navigation:navigation-compose:2.8.5 -> androidx.compose.foundation:foundation-layout:1.10.0
  :app:debugRuntimeClasspath -> androidx.compose:compose-bom:2024.10.00 -> androidx.compose.foundation:foundation-layout-android:1.10.0
  :app:debugRuntimeClasspath -> androidx.compose:compose-bom:2024.10.00 -> androidx.compose.foundation:foundation:1.10.0
  :app:debugRuntimeClasspath -> androidx.compose:compose-bom:2024.10.00 -> androidx.compose.foundation:foundation-android:1.10.0
  :app:debugRuntimeClasspath -> androidx.compose.material3:material3:1.3.1
  :app:debugRuntimeClasspath -> androidx.compose:compose-bom:2024.10.00 -> androidx.compose.material3:material3-android:1.3.1
  :app:debugRuntimeClasspath -> androidx.compose:compose-bom:2024.10.00 -> androidx.compose.material:material-icons-core:1.7.4
  :app:debugRuntimeClasspath -> androidx.compose:compose-bom:2024.10.00 -> androidx.compose.material:material-icons-core-android:1.7.4
  :app:debugRuntimeClasspath -> androidx.compose:compose-bom:2024.10.00 -> androidx.compose.material:material-ripple:1.7.4
  :app:debugRuntimeClasspath -> androidx.compose:compose-bom:2024.10.00 -> androidx.compose.material:material-ripple-android:1.7.4
  :app:debugRuntimeClasspath -> androidx.compose:compose-bom:2024.10.00 -> androidx.compose.ui:ui-tooling-data:1.11.0
  :app:debugRuntimeClasspath -> androidx.compose:compose-bom:2024.10.00 -> androidx.compose.ui:ui-tooling-data-android:1.11.0
  :app:debugRuntimeClasspath -> androidx.compose.ui:ui-tooling-preview:1.11.0
  :app:debugRuntimeClasspath -> androidx.compose:compose-bom:2024.10.00 -> androidx.compose.ui:ui-tooling-preview-android:1.11.0
  :app:debugRuntimeClasspath -> androidx.compose:compose-bom:2024.10.00 -> androidx.compose.ui:ui-graphics-android:1.11.0 -> androidx.graphics:graphics-path:1.0.1
  :app:debugRuntimeClasspath -> androidx.compose:compose-bom:2024.10.00 -> androidx.compose.ui:ui-android:1.11.0 -> androidx.customview:customview-poolingcontainer:1.0.0
  :app:debugRuntimeClasspath -> androidx.compose:compose-bom:2024.10.00 -> androidx.compose.ui:ui-android:1.11.0 -> androidx.transition:transition:1.6.0
  :app:debugRuntimeClasspath -> androidx.compose:compose-bom:2024.10.00 -> androidx.compose.ui:ui-android:1.11.0 -> androidx.transition:transition:1.6.0 -> androidx.dynamicanimation:dynamicanimation:1.0.0
  :app:debugRuntimeClasspath -> androidx.compose:compose-bom:2024.10.00 -> androidx.compose.ui:ui-android:1.11.0 -> androidx.transition:transition:1.6.0 -> androidx.dynamicanimation:dynamicanimation:1.0.0 -> androidx.legacy:legacy-support-core-utils:1.0.0
  :app:debugRuntimeClasspath -> androidx.compose:compose-bom:2024.10.00 -> androidx.compose.ui:ui-android:1.11.0 -> androidx.transition:transition:1.6.0 -> androidx.dynamicanimation:dynamicanimation:1.0.0 -> androidx.legacy:legacy-support-core-utils:1.0.0 -> androidx.documentfile:documentfile:1.0.0
  :app:debugRuntimeClasspath -> com.google.dagger:hilt-android:2.51.1 -> androidx.fragment:fragment:1.5.1 -> androidx.loader:loader:1.0.0
  :app:debugRuntimeClasspath -> androidx.compose:compose-bom:2024.10.00 -> androidx.compose.ui:ui-android:1.11.0 -> androidx.transition:transition:1.6.0 -> androidx.dynamicanimation:dynamicanimation:1.0.0 -> androidx.legacy:legacy-support-core-utils:1.0.0 -> androidx.localbroadcastmanager:localbroadcastmanager:1.0.0
  :app:debugRuntimeClasspath -> androidx.compose:compose-bom:2024.10.00 -> androidx.compose.ui:ui-android:1.11.0 -> androidx.transition:transition:1.6.0 -> androidx.dynamicanimation:dynamicanimation:1.0.0 -> androidx.legacy:legacy-support-core-utils:1.0.0 -> androidx.print:print:1.0.0
  :app:debugRuntimeClasspath -> androidx.compose:compose-bom:2024.10.00 -> androidx.compose.ui:ui-android:1.11.0 -> androidx.window:window:1.5.0
  :app:debugRuntimeClasspath -> androidx.compose:compose-bom:2024.10.00 -> androidx.compose.ui:ui-android:1.11.0 -> androidx.window:window:1.5.0 -> androidx.window:window-core:1.5.0
  :app:debugRuntimeClasspath -> androidx.compose:compose-bom:2024.10.00 -> androidx.compose.ui:ui-android:1.11.0 -> androidx.window:window:1.5.0 -> androidx.window:window-core:1.5.0 -> androidx.window:window-core-android:1.5.0
  :app:debugRuntimeClasspath -> androidx.compose:compose-bom:2024.10.00 -> androidx.compose.ui:ui-android:1.11.0 -> androidx.transition:transition:1.6.0 -> androidx.core:core:1.19.0 -> androidx.versionedparcelable:versionedparcelable:1.1.1
  :app:debugRuntimeClasspath -> androidx.compose:compose-bom:2024.10.00
  :app:debugRuntimeClasspath -> androidx.navigation:navigation-compose:2.8.5
  :app:debugRuntimeClasspath -> androidx.hilt:hilt-navigation-compose:1.2.0 -> androidx.hilt:hilt-navigation:1.2.0 -> androidx.navigation:navigation-runtime:2.8.5 -> androidx.navigation:navigation-common:2.8.5 -> androidx.navigation:navigation-runtime-ktx:2.8.5
  :app:debugRuntimeClasspath -> androidx.hilt:hilt-navigation-compose:1.2.0 -> androidx.hilt:hilt-navigation:1.2.0 -> androidx.navigation:navigation-runtime:2.8.5 -> androidx.navigation:navigation-common:2.8.5 -> androidx.navigation:navigation-common-ktx:2.8.5
  :app:debugRuntimeClasspath -> androidx.hilt:hilt-navigation-compose:1.2.0 -> androidx.hilt:hilt-navigation:1.2.0 -> androidx.navigation:navigation-runtime:2.8.5 -> androidx.navigation:navigation-common:2.8.5
  :app:debugRuntimeClasspath -> androidx.hilt:hilt-navigation-compose:1.2.0 -> androidx.hilt:hilt-navigation:1.2.0 -> androidx.navigation:navigation-runtime:2.8.5
  :app:debugRuntimeClasspath -> com.google.dagger:hilt-android:2.51.1 -> androidx.fragment:fragment:1.5.1
  :app:debugRuntimeClasspath -> com.google.dagger:hilt-android:2.51.1 -> androidx.fragment:fragment:1.5.1 -> androidx.viewpager:viewpager:1.0.0
  :app:debugRuntimeClasspath -> com.google.dagger:hilt-android:2.51.1 -> androidx.fragment:fragment:1.5.1 -> androidx.viewpager:viewpager:1.0.0 -> androidx.customview:customview:1.0.0
  :app:debugRuntimeClasspath -> androidx.hilt:hilt-navigation-compose:1.2.0
  :app:debugRuntimeClasspath -> androidx.hilt:hilt-navigation-compose:1.2.0 -> androidx.hilt:hilt-navigation:1.2.0
  :app:debugRuntimeClasspath -> io.coil-kt:coil-compose:2.6.0 -> io.coil-kt:coil-compose-base:2.6.0 -> io.coil-kt:coil-base:2.6.0 -> androidx.appcompat:appcompat-resources:1.6.1
  :app:debugRuntimeClasspath -> io.coil-kt:coil-compose:2.6.0 -> io.coil-kt:coil-compose-base:2.6.0 -> io.coil-kt:coil-base:2.6.0 -> androidx.appcompat:appcompat-resources:1.6.1 -> androidx.vectordrawable:vectordrawable:1.1.0
  :app:debugRuntimeClasspath -> io.coil-kt:coil-compose:2.6.0 -> io.coil-kt:coil-compose-base:2.6.0 -> io.coil-kt:coil-base:2.6.0 -> androidx.appcompat:appcompat-resources:1.6.1 -> androidx.vectordrawable:vectordrawable-animated:1.1.0
  :app:debugRuntimeClasspath -> io.coil-kt:coil-compose:2.6.0 -> io.coil-kt:coil-compose-base:2.6.0 -> io.coil-kt:coil-base:2.6.0 -> androidx.exifinterface:exifinterface:1.3.7

* Try:
> Run with --stacktrace option to get the stack trace.
> Run with --info or --debug option to get more log output.
> Run with --scan to get full insights.
> Get more help at https://help.gradle.org.

BUILD FAILED in 492ms
2 actionable tasks: 1 executed, 1 up-to-date
